.next/dev/types/validator.ts(333,31): error TS2344: Type 'typeof import("C:/Users/Ege Work/Desktop/next-apps/ekeneakt/app/api/customers/orders/[id]/shipping/route")' does not satisfy the constraint 'RouteHandlerConfig<"/api/customers/orders/[id]/shipping">'.
  Types of property 'PUT' are incompatible.
    Type '(request: Request, { params }: { params: { id: string; }; }) => Promise<NextResponse<{ error: string; }> | NextResponse<{ order: any; message: string; }>>' is not assignable to type '(request: NextRequest, context: { params: Promise<{ id: string; }>; }) => void | Response | Promise<void | Response>'.
      Types of parameters '__1' and 'context' are incompatible.
        Type '{ params: Promise<{ id: string; }>; }' is not assignable to type '{ params: { id: string; }; }'.
          Types of property 'params' are incompatible.
            Property 'id' is missing in type 'Promise<{ id: string; }>' but required in type '{ id: string; }'.
.next/types/validator.ts(333,31): error TS2344: Type 'typeof import("C:/Users/Ege Work/Desktop/next-apps/ekeneakt/app/api/customers/orders/[id]/shipping/route")' does not satisfy the constraint 'RouteHandlerConfig<"/api/customers/orders/[id]/shipping">'.
  Types of property 'PUT' are incompatible.
    Type '(request: Request, { params }: { params: { id: string; }; }) => Promise<NextResponse<{ error: string; }> | NextResponse<{ order: any; message: string; }>>' is not assignable to type '(request: NextRequest, context: { params: Promise<{ id: string; }>; }) => void | Response | Promise<void | Response>'.
      Types of parameters '__1' and 'context' are incompatible.
        Type '{ params: Promise<{ id: string; }>; }' is not assignable to type '{ params: { id: string; }; }'.
          Types of property 'params' are incompatible.
            Property 'id' is missing in type 'Promise<{ id: string; }>' but required in type '{ id: string; }'.
app/api/customers/orders/[id]/shipping/route.ts(8,35): error TS2307: Cannot find module '../../../../../lib/prisma' or its corresponding type declarations.
app/page.tsx(162,15): error TS2345: Argument of type '{ id: string; name: string; price: number; minQuantity: number; }' is not assignable to parameter of type '{ id: string; name: string; price: number; profit: number; minQuantity: number; image?: string | undefined; }'.
  Property 'profit' is missing in type '{ id: string; name: string; price: number; minQuantity: number; }' but required in type '{ id: string; name: string; price: number; profit: number; minQuantity: number; image?: string | undefined; }'.
lib/prisma.ts(4,22): error TS7016: Could not find a declaration file for module 'pg'. 'C:/Users/Ege Work/Desktop/next-apps/ekeneakt/node_modules/pg/esm/index.mjs' implicitly has an 'any' type.
  Try `npm i --save-dev @types/pg` if it exists or add a new declaration (.d.ts) file containing `declare module 'pg';`
lib/prisma.ts(64,14): error TS18048: 'databaseUrl' is possibly 'undefined'.
